#-----------------------------------------------------------
# updatemem v2016.2 (64-bit)
# SW Build 1577090 on Thu Jun  2 16:32:40 MDT 2016
# 
# Start of session at: Thu Mar 16 14:48:51 2017
# Process ID: 4844
# Current directory: w:/ECE532/NexysVideo-master/Projects/hdmi/proj
# Command line: updatemem.exe -mode batch -source C:/Xilinx/SDK/2016.2/scripts/updatemem/main.tcl -notrace -tclargs -meminfo W:/ECE532/NexysVideo-master/Projects/hdmi/proj/hdmi.sdk/hdmi_wrapper_hw_platform_0/hdmi_wrapper.mmi -data C:/Xilinx/SDK/2016.2/data/embeddedsw/lib/microblaze/mb_bootloop_le.elf -proc hdmi_i/microblaze_0 -bit W:/ECE532/NexysVideo-master/Projects/hdmi/proj/hdmi.sdk/hdmi_wrapper_hw_platform_0/hdmi_wrapper.bit -out W:/ECE532/NexysVideo-master/Projects/hdmi/proj/hdmi.sdk/hdmi_wrapper_hw_platform_0/download.bit -force
# Log file: w:/ECE532/NexysVideo-master/Projects/hdmi/proj/updatemem.log
# Journal file: w:/ECE532/NexysVideo-master/Projects/hdmi/proj\updatemem.jou
#-----------------------------------------------------------
source C:/Xilinx/SDK/2016.2/scripts/updatemem/main.tcl -notrace
