#-----------------------------------------------------------
# Vivado v2016.2 (64-bit)
# SW Build 1577090 on Thu Jun  2 16:32:40 MDT 2016
# IP Build 1577682 on Fri Jun  3 12:00:54 MDT 2016
# Start of session at: Wed Mar 29 13:42:24 2017
# Process ID: 1420
# Current directory: W:/pre_done/NexysVideo-master/Projects/hdmi/proj
# Command line: vivado.exe -gui_launcher_event rodinguilauncherevent3572 W:\pre_done\NexysVideo-master\Projects\hdmi\proj\hdmi.xpr
# Log file: W:/pre_done/NexysVideo-master/Projects/hdmi/proj/vivado.log
# Journal file: W:/pre_done/NexysVideo-master/Projects/hdmi/proj\vivado.jou
#-----------------------------------------------------------
start_gui
open_project W:/pre_done/NexysVideo-master/Projects/hdmi/proj/hdmi.xpr
update_compile_order -fileset sources_1
remove_files W:/pre_done/NexysVideo-master/UC_winter.coe
open_bd_design {W:/pre_done/NexysVideo-master/Projects/hdmi/proj/hdmi.srcs/sources_1/bd/hdmi/hdmi.bd}
validate_bd_design -force
make_wrapper -files [get_files W:/pre_done/NexysVideo-master/Projects/hdmi/proj/hdmi.srcs/sources_1/bd/hdmi/hdmi.bd] -top
reset_run hdmi_mig_7series_0_0_synth_1
reset_run hdmi_blk_mem_gen_0_0_synth_1
reset_run hdmi_BGR_0_0_synth_1
reset_run synth_1
launch_runs impl_1
wait_on_run impl_1
launch_runs impl_1 -to_step write_bitstream
wait_on_run impl_1
open_hw
connect_hw_server
open_hw_target
set_property PROGRAM.FILE {W:/pre_done/NexysVideo-master/Projects/hdmi/proj/hdmi.runs/impl_1/hdmi_wrapper.bit} [lindex [get_hw_devices] 0]
set_property PROBES.FILE {W:/pre_done/NexysVideo-master/Projects/hdmi/proj/hdmi.runs/impl_1/debug_nets.ltx} [lindex [get_hw_devices] 0]
current_hw_device [lindex [get_hw_devices] 0]
refresh_hw_device [lindex [get_hw_devices] 0]
display_hw_ila_data [ get_hw_ila_data hw_ila_data_1 -of_objects [get_hw_ilas -of_objects [get_hw_devices xc7a200t_0] -filter {CELL_NAME=~"hdmi_i/ila_0"}]]
display_hw_ila_data [ get_hw_ila_data hw_ila_data_2 -of_objects [get_hw_ilas -of_objects [get_hw_devices xc7a200t_0] -filter {CELL_NAME=~"hdmi_i/ila_1"}]]
display_hw_ila_data [ get_hw_ila_data hw_ila_data_3 -of_objects [get_hw_ilas -of_objects [get_hw_devices xc7a200t_0] -filter {CELL_NAME=~"hdmi_i/ila_3"}]]
display_hw_ila_data [ get_hw_ila_data hw_ila_data_4 -of_objects [get_hw_ilas -of_objects [get_hw_devices xc7a200t_0] -filter {CELL_NAME=~"hdmi_i/ila_4"}]]
display_hw_ila_data [ get_hw_ila_data hw_ila_data_5 -of_objects [get_hw_ilas -of_objects [get_hw_devices xc7a200t_0] -filter {CELL_NAME=~"hdmi_i/ila_5"}]]
set_property PROBES.FILE {W:/pre_done/NexysVideo-master/Projects/hdmi/proj/hdmi.runs/impl_1/debug_nets.ltx} [lindex [get_hw_devices] 0]
set_property PROGRAM.FILE {W:/pre_done/NexysVideo-master/Projects/hdmi/proj/hdmi.runs/impl_1/hdmi_wrapper.bit} [lindex [get_hw_devices] 0]
program_hw_devices [lindex [get_hw_devices] 0]
refresh_hw_device [lindex [get_hw_devices] 0]
open_bd_design {W:/pre_done/NexysVideo-master/Projects/hdmi/proj/hdmi.srcs/sources_1/bd/hdmi/hdmi.bd}
file copy -force W:/pre_done/NexysVideo-master/Projects/hdmi/proj/hdmi.runs/impl_1/hdmi_wrapper.sysdef W:/pre_done/NexysVideo-master/Projects/hdmi/proj/hdmi.sdk/hdmi_wrapper.hdf

launch_sdk -workspace W:/pre_done/NexysVideo-master/Projects/hdmi/proj/hdmi.sdk -hwspec W:/pre_done/NexysVideo-master/Projects/hdmi/proj/hdmi.sdk/hdmi_wrapper.hdf
update_module_reference hdmi_bypass_0_0
ipx::edit_ip_in_project -upgrade true -name Collision_Detection_Slave_v1_0_v1_0_project -directory W:/pre_done/NexysVideo-master/Projects/hdmi/proj/hdmi.tmp/Collision_Detection_Slave_v1_0_v1_0_project w:/pre_done/NexysVideo-master/collision_detection/ip_repo/Collision_Detection_Slave_1.0/component.xml
update_compile_order -fileset sources_1
update_compile_order -fileset sim_1
set_property core_revision 37 [ipx::current_core]
ipx::create_xgui_files [ipx::current_core]
ipx::update_checksums [ipx::current_core]
ipx::save_core [ipx::current_core]
close_project
update_ip_catalog -rebuild
report_ip_status -name ip_status 
export_ip_user_files -of_objects [get_ips  hdmi_Collision_Detection_Slave_0_0] -no_script -reset -quiet
upgrade_ip -vlnv user.org:user:Collision_Detection_Slave:1.0 [get_ips  hdmi_Collision_Detection_Slave_0_0] -log ip_upgrade.log
report_ip_status -name ip_status 
set_property name Video_Overlay [get_bd_cells bypass_0]
set_property name Background_replacement [get_bd_cells BGR_0]
validate_bd_design
make_wrapper -files [get_files W:/pre_done/NexysVideo-master/Projects/hdmi/proj/hdmi.srcs/sources_1/bd/hdmi/hdmi.bd] -top
reset_run hdmi_mig_7series_0_0_synth_1
reset_run synth_1
launch_runs impl_1
wait_on_run impl_1
launch_runs impl_1 -to_step write_bitstream
wait_on_run impl_1
set_property PROBES.FILE {W:/pre_done/NexysVideo-master/Projects/hdmi/proj/hdmi.runs/impl_1/debug_nets.ltx} [lindex [get_hw_devices] 0]
set_property PROGRAM.FILE {W:/pre_done/NexysVideo-master/Projects/hdmi/proj/hdmi.runs/impl_1/hdmi_wrapper.bit} [lindex [get_hw_devices] 0]
program_hw_devices [lindex [get_hw_devices] 0]
refresh_hw_device [lindex [get_hw_devices] 0]
file copy -force W:/pre_done/NexysVideo-master/Projects/hdmi/proj/hdmi.runs/impl_1/hdmi_wrapper.sysdef W:/pre_done/NexysVideo-master/Projects/hdmi/proj/hdmi.sdk/hdmi_wrapper.hdf

launch_sdk -workspace W:/pre_done/NexysVideo-master/Projects/hdmi/proj/hdmi.sdk -hwspec W:/pre_done/NexysVideo-master/Projects/hdmi/proj/hdmi.sdk/hdmi_wrapper.hdf
open_bd_design {W:/pre_done/NexysVideo-master/Projects/hdmi/proj/hdmi.srcs/sources_1/bd/hdmi/hdmi.bd}
update_module_reference hdmi_bypass_0_0
validate_bd_design
make_wrapper -files [get_files W:/pre_done/NexysVideo-master/Projects/hdmi/proj/hdmi.srcs/sources_1/bd/hdmi/hdmi.bd] -top
reset_run hdmi_mig_7series_0_0_synth_1
reset_run synth_1
launch_runs impl_1
wait_on_run impl_1
launch_runs impl_1 -to_step write_bitstream
wait_on_run impl_1
set_property PROBES.FILE {W:/pre_done/NexysVideo-master/Projects/hdmi/proj/hdmi.runs/impl_1/debug_nets.ltx} [lindex [get_hw_devices] 0]
set_property PROGRAM.FILE {W:/pre_done/NexysVideo-master/Projects/hdmi/proj/hdmi.runs/impl_1/hdmi_wrapper.bit} [lindex [get_hw_devices] 0]
program_hw_devices [lindex [get_hw_devices] 0]
refresh_hw_device [lindex [get_hw_devices] 0]
file copy -force W:/pre_done/NexysVideo-master/Projects/hdmi/proj/hdmi.runs/impl_1/hdmi_wrapper.sysdef W:/pre_done/NexysVideo-master/Projects/hdmi/proj/hdmi.sdk/hdmi_wrapper.hdf

launch_sdk -workspace W:/pre_done/NexysVideo-master/Projects/hdmi/proj/hdmi.sdk -hwspec W:/pre_done/NexysVideo-master/Projects/hdmi/proj/hdmi.sdk/hdmi_wrapper.hdf
